Running Gradle task 'assembleRelease'...                        
flutter : ERROR: D:\Nimbus\Nimbus-2k26-Frontend\androi
d\app\proguard-rules.pro:1:1: R8: Expected char '-' 
at D:\Nimbus\Nimbus-2k26-Frontend\android\app\proguard
-rules.pro:1:1
At line:1 char:1
+ flutter build apk --release > build_errors.txt 2>&1
+ ~~~~~~~~~~~~~~~~~~~~~~~~~~~~~~~~~~~~~~~~~~~~~~~~~~~
    + CategoryInfo          : NotSpecified: (ERROR: D 
   :\Nimbu...d-rules.pro:1:1:String) [], RemoteExcep  
  tion
    + FullyQualifiedErrorId : NativeCommandError
 
∩┐╜∩┐╜- d o n t w a r n   o r g . s l f 4 j . * * 
 
^

FAILURE: Build failed with an exception.

* What went wrong:
Execution failed for task ':app:minifyReleaseWithR8'.
> A failure occurred while executing com.android.build
.gradle.internal.tasks.R8Task$R8Runnable
   > Compilation failed to complete, position: 
offset: 0, line: 1, column: 1, origin: D:\Nimbus\Nimbu
s-2k26-Frontend\android\app\proguard-rules.pro

* Try:
> Run with --stacktrace option to get the stack trace.
> Run with --info or --debug option to get more log 
output.
> Run with --scan to get full insights.
> Get more help at https://help.gradle.org.

BUILD FAILED in 12s
Running Gradle task 'assembleRelease'...                           13.0s
Gradle task assembleRelease failed with exit code 1
